2026-07-09 21:59:56,929 - coagulant_app - INFO - Starting Coagulant Prediction Flask application...
2026-07-09 22:00:01,612 - coagulant_app - INFO - Starting Coagulant Prediction Flask application...
2026-07-09 22:00:10,688 - coagulant_app - WARNING - 404 Error: 404 Not Found: The requested URL was not found on the server. If you entered the URL manually please check your spelling and try again.
2026-07-09 22:03:08,223 - coagulant_app - INFO - New dataset uploaded successfully and validated.
2026-07-09 22:03:33,771 - coagulant_app - INFO - Loaded dataset for preprocessing. Shape: (1000, 10)
2026-07-09 22:03:33,774 - coagulant_app - INFO - No missing values detected.
2026-07-09 22:03:33,971 - coagulant_app - INFO - Preprocessing pipeline completed successfully.
2026-07-09 22:04:26,850 - coagulant_app - INFO - Loading preprocessed training splits...
2026-07-09 22:04:26,894 - coagulant_app - INFO - Training model: Linear Regression...
2026-07-09 22:04:26,930 - coagulant_app - INFO - Successfully trained and saved Linear Regression to D:\Bimbingan\Bimbingan 20252026 Genap\Prediksi Dosis\aplikasi\model\linear_regression.joblib
2026-07-09 22:04:26,931 - coagulant_app - INFO - Training model: Random Forest Regressor...
2026-07-09 22:04:27,997 - coagulant_app - INFO - Successfully trained and saved Random Forest Regressor to D:\Bimbingan\Bimbingan 20252026 Genap\Prediksi Dosis\aplikasi\model\random_forest_regressor.joblib
2026-07-09 22:04:27,998 - coagulant_app - INFO - Training model: XGBoost Regressor...
2026-07-09 22:04:28,742 - coagulant_app - INFO - Successfully trained and saved XGBoost Regressor to D:\Bimbingan\Bimbingan 20252026 Genap\Prediksi Dosis\aplikasi\model\xgboost_regressor.joblib
2026-07-09 22:04:28,743 - coagulant_app - INFO - Training model: LightGBM Regressor...
2026-07-09 22:04:29,262 - coagulant_app - INFO - Successfully trained and saved LightGBM Regressor to D:\Bimbingan\Bimbingan 20252026 Genap\Prediksi Dosis\aplikasi\model\lightgbm_regressor.joblib
2026-07-09 22:04:29,263 - coagulant_app - INFO - All regression models trained and saved.
2026-07-09 22:04:49,276 - coagulant_app - INFO - Linear Regression metrics: RMSE=5.7809, R2=0.9017, MAE=5.0546
2026-07-09 22:04:49,621 - coagulant_app - INFO - Random Forest Regressor metrics: RMSE=7.2982, R2=0.8434, MAE=6.1120
2026-07-09 22:04:49,669 - coagulant_app - INFO - XGBoost Regressor metrics: RMSE=7.3951, R2=0.8392, MAE=5.9651
2026-07-09 22:04:49,711 - coagulant_app - INFO - LightGBM Regressor metrics: RMSE=6.4397, R2=0.8781, MAE=5.4237
2026-07-09 22:04:49,717 - coagulant_app - INFO - Selected best model: Linear Regression (RMSE=5.7809). Saved to D:\Bimbingan\Bimbingan 20252026 Genap\Prediksi Dosis\aplikasi\model\saved_model.joblib
2026-07-09 22:27:24,005 - coagulant_app - INFO - Starting Coagulant Prediction Flask application...
2026-07-09 22:27:35,035 - coagulant_app - INFO - Starting Coagulant Prediction Flask application...
2026-07-09 22:28:03,037 - coagulant_app - INFO - Starting Coagulant Prediction Flask application...
2026-07-09 22:28:23,007 - coagulant_app - INFO - Starting Coagulant Prediction Flask application...
2026-07-09 22:28:28,497 - coagulant_app - INFO - Starting Coagulant Prediction Flask application...
2026-07-09 22:28:43,382 - coagulant_app - INFO - Starting Coagulant Prediction Flask application...
2026-07-09 22:29:00,403 - coagulant_app - INFO - Starting Coagulant Prediction Flask application...
2026-07-09 22:29:16,949 - coagulant_app - INFO - Starting Coagulant Prediction Flask application...
2026-07-09 22:29:33,431 - coagulant_app - INFO - Starting Coagulant Prediction Flask application...
2026-07-09 22:29:54,184 - coagulant_app - INFO - Starting Coagulant Prediction Flask application...
2026-07-09 22:30:28,928 - coagulant_app - INFO - Starting Coagulant Prediction Flask application...
2026-07-09 22:30:32,211 - coagulant_app - INFO - Starting Coagulant Prediction Flask application...
2026-07-09 22:31:35,181 - coagulant_app - INFO - Starting Coagulant Prediction Flask application...
2026-07-09 22:32:01,734 - coagulant_app - INFO - Starting Coagulant Prediction Flask application...
2026-07-09 22:32:12,316 - coagulant_app - INFO - Starting Coagulant Prediction Flask application...
2026-07-09 22:35:34,470 - coagulant_app - INFO - Starting Coagulant Prediction Flask application...
2026-07-09 22:39:37,005 - coagulant_app - INFO - Starting Coagulant Prediction Flask application...
2026-07-09 22:39:43,781 - coagulant_app - INFO - Starting Coagulant Prediction Flask application...
2026-07-09 22:40:27,134 - coagulant_app - INFO - Training and optimizing: Linear Regression
2026-07-09 22:40:27,223 - coagulant_app - INFO - Training and optimizing: Random Forest
2026-07-09 22:41:07,250 - coagulant_app - INFO - Training and optimizing: XGBoost
2026-07-09 22:41:12,839 - coagulant_app - INFO - Training and optimizing: LightGBM
2026-07-09 22:41:20,010 - coagulant_app - INFO - Pelatihan baseline dan GridSearchCV model selesai.
2026-07-09 22:43:50,380 - coagulant_app - INFO - Starting Coagulant Prediction Flask application...
2026-07-09 22:43:55,337 - coagulant_app - INFO - Starting Coagulant Prediction Flask application...
2026-07-09 22:45:01,874 - coagulant_app - INFO - Training and optimizing: Linear Regression via RandomizedSearchCV
2026-07-09 22:45:01,909 - coagulant_app - INFO - Training and optimizing: Random Forest via RandomizedSearchCV
2026-07-09 22:45:33,535 - coagulant_app - INFO - Training and optimizing: XGBoost via RandomizedSearchCV
2026-07-09 22:45:44,268 - coagulant_app - INFO - Training and optimizing: LightGBM via RandomizedSearchCV
2026-07-09 22:45:52,345 - coagulant_app - INFO - Pelatihan baseline dan RandomizedSearchCV model selesai.
2026-07-09 22:47:18,614 - coagulant_app - INFO - Starting Coagulant Prediction Flask application...
2026-07-09 22:47:26,986 - coagulant_app - INFO - Starting Coagulant Prediction Flask application...
2026-07-09 22:47:48,547 - coagulant_app - ERROR - Gagal memuat halaman evaluasi model: 'opt_train'
Traceback (most recent call last):
  File "D:\Bimbingan\Bimbingan 20252026 Genap\Prediksi Dosis\aplikasi\routes\evaluation.py", line 49, in index
    train_r2 = info['opt_train']['r2']
               ~~~~^^^^^^^^^^^^^
KeyError: 'opt_train'
2026-07-09 22:47:52,653 - coagulant_app - ERROR - Gagal memuat halaman evaluasi model: 'opt_train'
Traceback (most recent call last):
  File "D:\Bimbingan\Bimbingan 20252026 Genap\Prediksi Dosis\aplikasi\routes\evaluation.py", line 49, in index
    train_r2 = info['opt_train']['r2']
               ~~~~^^^^^^^^^^^^^
KeyError: 'opt_train'
2026-07-09 22:47:57,504 - coagulant_app - ERROR - Gagal memuat halaman evaluasi model: 'opt_train'
Traceback (most recent call last):
  File "D:\Bimbingan\Bimbingan 20252026 Genap\Prediksi Dosis\aplikasi\routes\evaluation.py", line 49, in index
    train_r2 = info['opt_train']['r2']
               ~~~~^^^^^^^^^^^^^
KeyError: 'opt_train'
2026-07-09 22:48:06,367 - coagulant_app - ERROR - Gagal memuat halaman evaluasi model: 'opt_train'
Traceback (most recent call last):
  File "D:\Bimbingan\Bimbingan 20252026 Genap\Prediksi Dosis\aplikasi\routes\evaluation.py", line 49, in index
    train_r2 = info['opt_train']['r2']
               ~~~~^^^^^^^^^^^^^
KeyError: 'opt_train'
2026-07-09 22:48:53,418 - coagulant_app - INFO - Training and optimizing: Linear Regression via RandomizedSearchCV
2026-07-09 22:48:53,455 - coagulant_app - INFO - Training and optimizing: Random Forest via RandomizedSearchCV
2026-07-09 22:49:30,368 - coagulant_app - INFO - Training and optimizing: XGBoost via RandomizedSearchCV
2026-07-09 22:49:41,080 - coagulant_app - INFO - Training and optimizing: LightGBM via RandomizedSearchCV
2026-07-09 22:49:49,674 - coagulant_app - INFO - Pelatihan baseline dan RandomizedSearchCV model selesai.
2026-07-09 22:49:58,665 - coagulant_app - INFO - Starting Coagulant Prediction Flask application...
2026-07-09 22:51:51,496 - coagulant_app - INFO - Starting Coagulant Prediction Flask application...
2026-07-09 22:52:01,373 - coagulant_app - INFO - Starting Coagulant Prediction Flask application...
2026-07-09 22:56:56,080 - coagulant_app - WARNING - 404 Error: 404 Not Found: The requested URL was not found on the server. If you entered the URL manually please check your spelling and try again.
2026-07-09 23:02:11,154 - coagulant_app - INFO - Training and optimizing: Linear Regression via RandomizedSearchCV
2026-07-09 23:02:11,176 - coagulant_app - INFO - Training and optimizing: Random Forest via RandomizedSearchCV
2026-07-09 23:02:41,157 - coagulant_app - INFO - Training and optimizing: XGBoost via RandomizedSearchCV
2026-07-09 23:02:48,054 - coagulant_app - INFO - Training and optimizing: LightGBM via RandomizedSearchCV
2026-07-09 23:02:53,770 - coagulant_app - INFO - Starting Coagulant Prediction Flask application...
2026-07-09 23:02:53,865 - coagulant_app - INFO - Training and optimizing: Linear Regression via RandomizedSearchCV
2026-07-09 23:02:53,880 - coagulant_app - INFO - Training and optimizing: Random Forest via RandomizedSearchCV
2026-07-09 23:03:06,881 - coagulant_app - INFO - Training and optimizing: XGBoost via RandomizedSearchCV
2026-07-09 23:03:12,493 - coagulant_app - INFO - Training and optimizing: LightGBM via RandomizedSearchCV
2026-07-09 23:03:13,620 - coagulant_app - INFO - Training and optimizing: Linear Regression via RandomizedSearchCV
2026-07-09 23:03:13,639 - coagulant_app - INFO - Training and optimizing: Random Forest via RandomizedSearchCV
2026-07-09 23:03:23,524 - coagulant_app - INFO - Pelatihan baseline dan RandomizedSearchCV model selesai.
2026-07-09 23:03:24,240 - coagulant_app - INFO - Training and optimizing: XGBoost via RandomizedSearchCV
2026-07-09 23:03:29,495 - coagulant_app - INFO - Training and optimizing: LightGBM via RandomizedSearchCV
2026-07-09 23:03:31,000 - coagulant_app - INFO - Pelatihan baseline dan RandomizedSearchCV model selesai.
2026-07-09 23:03:38,063 - coagulant_app - INFO - Training and optimizing: Linear Regression via RandomizedSearchCV
2026-07-09 23:03:38,115 - coagulant_app - INFO - Training and optimizing: Random Forest via RandomizedSearchCV
2026-07-09 23:03:47,758 - coagulant_app - INFO - Training and optimizing: XGBoost via RandomizedSearchCV
2026-07-09 23:03:53,249 - coagulant_app - INFO - Training and optimizing: LightGBM via RandomizedSearchCV
2026-07-09 23:03:54,939 - coagulant_app - INFO - Pelatihan baseline dan RandomizedSearchCV model selesai.
2026-07-09 23:05:56,530 - coagulant_app - INFO - Starting Coagulant Prediction Flask application...
2026-07-09 23:06:04,048 - coagulant_app - INFO - Starting Coagulant Prediction Flask application...
2026-07-09 23:06:13,458 - coagulant_app - INFO - Starting Coagulant Prediction Flask application...
2026-07-09 23:06:43,817 - coagulant_app - INFO - Starting Coagulant Prediction Flask application...
2026-07-09 23:07:46,767 - coagulant_app - INFO - Starting Coagulant Prediction Flask application...
2026-07-09 23:09:05,924 - coagulant_app - INFO - Starting Coagulant Prediction Flask application...
2026-07-09 23:10:46,450 - coagulant_app - INFO - Starting Coagulant Prediction Flask application...
2026-07-09 23:10:49,574 - coagulant_app - INFO - Starting Coagulant Prediction Flask application...
2026-07-09 23:11:04,639 - coagulant_app - WARNING - 404 Error: 404 Not Found: The requested URL was not found on the server. If you entered the URL manually please check your spelling and try again.
2026-07-09 23:11:26,653 - coagulant_app - INFO - Active dataset deleted successfully.
2026-07-09 23:11:41,721 - coagulant_app - INFO - Dataset baru berhasil diunggah dan divalidasi.
2026-07-09 23:13:29,666 - coagulant_app - INFO - Training and optimizing: Linear Regression via RandomizedSearchCV
2026-07-09 23:13:29,680 - coagulant_app - INFO - Training and optimizing: Random Forest via RandomizedSearchCV
2026-07-09 23:13:42,027 - coagulant_app - INFO - Training and optimizing: XGBoost via RandomizedSearchCV
2026-07-09 23:13:46,665 - coagulant_app - INFO - Training and optimizing: LightGBM via RandomizedSearchCV
2026-07-09 23:13:48,609 - coagulant_app - INFO - Pelatihan baseline dan RandomizedSearchCV model selesai.
2026-07-10 06:15:33,245 - coagulant_app - INFO - Starting Coagulant Prediction Flask application...
2026-07-10 06:15:36,534 - coagulant_app - INFO - Starting Coagulant Prediction Flask application...
2026-07-10 06:16:10,211 - coagulant_app - WARNING - 404 Error: 404 Not Found: The requested URL was not found on the server. If you entered the URL manually please check your spelling and try again.
2026-07-10 06:18:30,030 - coagulant_app - INFO - Training and optimizing: Linear Regression via RandomizedSearchCV
2026-07-10 06:18:30,089 - coagulant_app - INFO - Training and optimizing: Random Forest via RandomizedSearchCV
2026-07-10 06:19:09,748 - coagulant_app - INFO - Training and optimizing: XGBoost via RandomizedSearchCV
2026-07-10 06:19:22,373 - coagulant_app - INFO - Training and optimizing: LightGBM via RandomizedSearchCV
2026-07-10 06:19:31,682 - coagulant_app - INFO - Pelatihan baseline dan RandomizedSearchCV model selesai.
2026-07-10 07:33:16,095 - coagulant_app - INFO - Starting Coagulant Prediction Flask application...
2026-07-10 07:33:19,363 - coagulant_app - INFO - Starting Coagulant Prediction Flask application...
2026-07-10 07:34:05,700 - coagulant_app - INFO - Starting Coagulant Prediction Flask application...
2026-07-10 07:35:21,268 - coagulant_app - WARNING - 404 Error: 404 Not Found: The requested URL was not found on the server. If you entered the URL manually please check your spelling and try again.
2026-07-13 22:31:54,726 - coagulant_app - INFO - Starting Coagulant Prediction Flask application...
2026-07-13 22:32:00,943 - coagulant_app - INFO - Starting Coagulant Prediction Flask application...
2026-07-13 22:32:08,159 - coagulant_app - WARNING - 404 Error: 404 Not Found: The requested URL was not found on the server. If you entered the URL manually please check your spelling and try again.
2026-07-13 22:33:06,576 - coagulant_app - INFO - Rekayasa fitur berhasil diterapkan pada dataset aktif.
2026-07-13 22:33:21,073 - coagulant_app - INFO - Penskalaan fitur dengan standard berhasil diterapkan.
2026-07-13 22:33:32,929 - coagulant_app - INFO - Pembagian data latih/uji (split) berhasil diselesaikan.
2026-07-13 22:33:55,854 - coagulant_app - INFO - Melatih dan mengoptimasi model: Linear Regression
2026-07-13 22:33:55,992 - coagulant_app - INFO - Melatih dan mengoptimasi model: XGBoost
2026-07-13 22:34:22,056 - coagulant_app - INFO - Melatih dan mengoptimasi model: LightGBM
2026-07-13 22:34:34,502 - coagulant_app - INFO - Enam grafik resolusi tinggi (300 DPI) sukses disimpan di folder output/bab4/
2026-07-13 22:34:34,503 - coagulant_app - INFO - Pelatihan baseline dan RandomizedSearchCV model selesai.
2026-07-13 22:37:31,756 - coagulant_app - INFO - Starting Coagulant Prediction Flask application...
2026-07-13 22:39:08,382 - coagulant_app - INFO - Starting Coagulant Prediction Flask application...
2026-07-13 22:39:13,671 - coagulant_app - INFO - Starting Coagulant Prediction Flask application...
2026-07-13 22:39:27,618 - coagulant_app - INFO - Starting Coagulant Prediction Flask application...
2026-07-13 22:40:14,498 - coagulant_app - INFO - Starting Coagulant Prediction Flask application...
2026-07-13 22:40:34,455 - coagulant_app - INFO - Starting Coagulant Prediction Flask application...
2026-07-13 22:40:44,621 - coagulant_app - INFO - Starting Coagulant Prediction Flask application...
2026-07-13 22:41:11,911 - coagulant_app - INFO - Starting Coagulant Prediction Flask application...
2026-07-13 22:42:03,299 - coagulant_app - INFO - Starting Coagulant Prediction Flask application...
2026-07-13 22:42:11,882 - coagulant_app - INFO - Starting Coagulant Prediction Flask application...
2026-07-13 22:42:17,076 - coagulant_app - INFO - Starting Coagulant Prediction Flask application...
2026-07-13 22:42:56,984 - coagulant_app - INFO - Starting Coagulant Prediction Flask application...
2026-07-13 22:43:05,415 - coagulant_app - INFO - Starting Coagulant Prediction Flask application...
2026-07-13 22:44:33,888 - coagulant_app - WARNING - 404 Error: 404 Not Found: The requested URL was not found on the server. If you entered the URL manually please check your spelling and try again.
2026-07-13 22:44:51,981 - coagulant_app - INFO - Active dataset deleted successfully.
2026-07-13 22:46:00,385 - coagulant_app - INFO - Dataset baru berhasil diunggah dan divalidasi.
2026-07-13 22:47:25,239 - coagulant_app - INFO - Starting Coagulant Prediction Flask application...
2026-07-13 22:47:36,103 - coagulant_app - INFO - Starting Coagulant Prediction Flask application...
2026-07-13 22:47:49,797 - coagulant_app - INFO - Starting Coagulant Prediction Flask application...
2026-07-13 22:48:19,422 - coagulant_app - INFO - Starting Coagulant Prediction Flask application...
2026-07-13 22:48:44,363 - coagulant_app - INFO - Preprocessing Step 1: Validasi dan konversi tipe data selesai. Dihapus 3128 baris.
2026-07-13 22:49:24,243 - coagulant_app - INFO - Starting Coagulant Prediction Flask application...
2026-07-13 22:50:48,783 - coagulant_app - INFO - Starting Coagulant Prediction Flask application...
2026-07-13 22:50:59,592 - coagulant_app - INFO - Starting Coagulant Prediction Flask application...
2026-07-13 22:51:08,013 - coagulant_app - INFO - Starting Coagulant Prediction Flask application...
2026-07-13 22:51:47,986 - coagulant_app - INFO - Preprocessing Step 1: Validasi dan konversi tipe data selesai. Dihapus 3128 baris.
2026-07-13 22:52:00,164 - coagulant_app - ERROR - Gagal menyimpan status prapemrosesan: Object of type int64 is not JSON serializable
2026-07-13 22:52:00,165 - coagulant_app - INFO - Preprocessing Step 2: Perhitungan missing value selesai. Imputasi 2574 nilai kosong.
2026-07-13 22:52:00,229 - coagulant_app - ERROR - Error restoring preprocessing session: Expecting value: line 68 column 30 (char 1710)
2026-07-13 22:52:00,232 - coagulant_app - ERROR - Gagal membaca status prapemrosesan: Expecting value: line 68 column 30 (char 1710)
2026-07-13 22:52:05,352 - coagulant_app - INFO - Starting Coagulant Prediction Flask application...
2026-07-13 22:52:18,084 - coagulant_app - INFO - Starting Coagulant Prediction Flask application...
2026-07-13 22:52:25,430 - coagulant_app - INFO - Starting Coagulant Prediction Flask application...
2026-07-13 22:52:39,214 - coagulant_app - INFO - Starting Coagulant Prediction Flask application...
2026-07-13 22:53:08,646 - coagulant_app - INFO - Starting Coagulant Prediction Flask application...
2026-07-13 22:53:27,081 - coagulant_app - INFO - Training pipeline dimulai.
2026-07-13 22:53:37,791 - coagulant_app - INFO - Training pipeline selesai.
2026-07-13 22:53:52,942 - coagulant_app - INFO - Training pipeline dimulai.
2026-07-13 22:54:01,061 - coagulant_app - INFO - Training pipeline selesai.
2026-07-13 22:54:12,569 - coagulant_app - INFO - Training pipeline dimulai.
2026-07-13 22:54:18,219 - coagulant_app - INFO - Training pipeline selesai.
2026-07-13 22:54:23,421 - coagulant_app - INFO - Visualisasi evaluasi model sukses diekspor ke output/evaluasi dan output/bab4.
2026-07-13 22:54:30,293 - coagulant_app - INFO - Starting Coagulant Prediction Flask application...
2026-07-13 22:54:34,798 - coagulant_app - INFO - Starting Coagulant Prediction Flask application...
2026-07-13 22:54:39,381 - coagulant_app - ERROR - Error restoring preprocessing session: 'NoneType' object is not subscriptable
2026-07-13 22:56:16,982 - coagulant_app - INFO - BAB IV Tesis outputs (10 PNGs + 1 Excel) successfully generated and saved.
2026-07-13 22:58:11,994 - coagulant_app - INFO - Starting Coagulant Prediction Flask application...
2026-07-13 22:59:04,197 - coagulant_app - ERROR - Error restoring preprocessing session: 'NoneType' object is not subscriptable
2026-07-13 22:59:05,444 - coagulant_app - WARNING - 404 Error: 404 Not Found: The requested URL was not found on the server. If you entered the URL manually please check your spelling and try again.
2026-07-13 23:03:25,305 - coagulant_app - INFO - Visualisasi evaluasi model sukses diekspor ke output/evaluasi dan output/bab4.
2026-07-13 23:04:04,425 - coagulant_app - INFO - BAB IV Tesis outputs (10 PNGs + 1 Excel) successfully generated and saved.
2026-07-13 23:16:07,747 - coagulant_app - INFO - Starting Coagulant Prediction Flask application...
2026-07-13 23:17:03,552 - coagulant_app - ERROR - Error restoring preprocessing session: 'NoneType' object is not subscriptable
2026-07-13 23:17:05,726 - coagulant_app - WARNING - 404 Error: 404 Not Found: The requested URL was not found on the server. If you entered the URL manually please check your spelling and try again.
2026-07-13 23:22:11,099 - coagulant_app - INFO - Active dataset deleted successfully.
2026-07-13 23:22:11,108 - coagulant_app - ERROR - Error restoring preprocessing session: 'NoneType' object is not subscriptable
2026-07-13 23:22:20,534 - coagulant_app - INFO - Dataset baru berhasil diunggah dan divalidasi.
2026-07-13 23:22:20,547 - coagulant_app - ERROR - Error restoring preprocessing session: 'NoneType' object is not subscriptable
2026-07-13 23:22:30,644 - coagulant_app - INFO - Preprocessing Step 1: Validasi dan konversi tipe data selesai. Dihapus 0 baris.
2026-07-13 23:22:33,527 - coagulant_app - INFO - Preprocessing Step 2: Perhitungan missing value selesai. Imputasi 0 nilai kosong.
2026-07-13 23:22:36,201 - coagulant_app - INFO - Preprocessing Step 3: Penghapusan duplikat selesai. 0 data duplikat dihapus.
2026-07-13 23:22:38,499 - coagulant_app - INFO - Preprocessing Step 4: Deteksi outlier selesai. Strategi tandai memengaruhi 0 nilai.
2026-07-13 23:22:45,141 - coagulant_app - INFO - Preprocessing Step 5: Feature engineering selesai. 7 Fitur dibentuk dan 3 baris dibuang.
2026-07-13 23:22:56,328 - coagulant_app - INFO - Ekspor dataset sukses ke D:\Bimbingan\Bimbingan 20252026 Genap\Prediksi Dosis\aplikasi\uploads\dataset\output\preprocessing\dataset_preprocessing.csv dan D:\Bimbingan\Bimbingan 20252026 Genap\Prediksi Dosis\aplikasi\uploads\dataset\output\preprocessing\dataset_preprocessing.xlsx.
2026-07-13 23:28:49,511 - coagulant_app - INFO - Starting Coagulant Prediction Flask application...
2026-07-14 05:18:45,933 - coagulant_app - INFO - Training pipeline dimulai.
2026-07-14 05:18:52,069 - coagulant_app - INFO - Training pipeline selesai.
2026-07-14 05:18:57,419 - coagulant_app - INFO - Visualisasi evaluasi model sukses diekspor ke output/evaluasi dan output/bab4.
2026-07-14 05:52:36,577 - coagulant_app - INFO - Training pipeline dimulai.
2026-07-14 05:52:49,480 - coagulant_app - INFO - Training pipeline selesai.
2026-07-14 05:52:57,115 - coagulant_app - INFO - Visualisasi evaluasi model sukses diekspor ke output/evaluasi dan output/bab4.
2026-07-14 07:58:34,475 - coagulant_app - INFO - Starting Coagulant Prediction Flask application...
2026-07-26 20:17:44,296 - coagulant_app - INFO - Starting Coagulant Prediction Flask application...
2026-07-26 20:17:46,401 - coagulant_app - INFO - Starting Coagulant Prediction Flask application...
2026-07-26 20:20:31,346 - coagulant_app - ERROR - Error restoring preprocessing session: 'NoneType' object is not subscriptable
2026-07-26 20:20:34,301 - coagulant_app - WARNING - 404 Error: 404 Not Found: The requested URL was not found on the server. If you entered the URL manually please check your spelling and try again.
2026-07-26 20:24:57,124 - coagulant_app - INFO - BAB IV Tesis outputs (10 PNGs + 1 Excel) successfully generated and saved.
2026-07-26 20:25:09,361 - coagulant_app - INFO - BAB IV Tesis outputs (10 PNGs + 1 Excel) successfully generated and saved.
2026-07-26 20:25:46,064 - coagulant_app - INFO - Starting Coagulant Prediction Flask application...
2026-07-26 20:26:05,884 - coagulant_app - INFO - Starting Coagulant Prediction Flask application...
2026-07-26 20:26:07,934 - coagulant_app - INFO - Starting Coagulant Prediction Flask application...
2026-07-26 20:26:39,543 - coagulant_app - INFO - Starting Coagulant Prediction Flask application...
2026-07-26 20:26:45,135 - coagulant_app - INFO - Starting Coagulant Prediction Flask application...
2026-07-26 20:32:48,835 - coagulant_app - INFO - Starting Coagulant Prediction Flask application...
2026-07-26 20:32:50,858 - coagulant_app - INFO - Starting Coagulant Prediction Flask application...
2026-07-26 20:33:05,528 - coagulant_app - INFO - Training pipeline dimulai.
2026-07-26 20:33:17,642 - coagulant_app - INFO - Training pipeline selesai.
2026-07-26 20:36:52,431 - coagulant_app - INFO - Starting Coagulant Prediction Flask application...
2026-07-26 20:38:34,482 - coagulant_app - INFO - Starting Coagulant Prediction Flask application...
2026-07-26 20:39:02,592 - coagulant_app - INFO - Starting Coagulant Prediction Flask application...
2026-07-26 20:40:23,213 - coagulant_app - INFO - Starting Coagulant Prediction Flask application...
2026-07-26 20:41:46,685 - coagulant_app - INFO - Starting Coagulant Prediction Flask application...
2026-07-26 20:43:05,444 - coagulant_app - INFO - Starting Coagulant Prediction Flask application...
2026-07-26 20:44:14,355 - coagulant_app - INFO - Starting Coagulant Prediction Flask application...
2026-07-26 20:46:19,264 - coagulant_app - INFO - Starting Coagulant Prediction Flask application...
2026-07-26 20:46:28,216 - coagulant_app - INFO - Starting Coagulant Prediction Flask application...
2026-07-26 20:46:34,703 - coagulant_app - INFO - Starting Coagulant Prediction Flask application...
2026-07-26 20:51:12,067 - coagulant_app - INFO - Starting Coagulant Prediction Flask application...
2026-07-26 20:51:16,430 - coagulant_app - INFO - Starting Coagulant Prediction Flask application...
2026-07-26 20:52:20,200 - coagulant_app - WARNING - 404 Error: 404 Not Found: The requested URL was not found on the server. If you entered the URL manually please check your spelling and try again.
2026-07-26 20:53:33,583 - coagulant_app - WARNING - Model artifact compatibility check failed: Model bukan artefak 11 fitur dalam urutan yang diwajibkan.
2026-07-26 20:53:48,286 - coagulant_app - INFO - Starting Coagulant Prediction Flask application...
2026-07-26 20:53:56,264 - coagulant_app - WARNING - Model artifact compatibility check failed: Model bukan artefak 11 fitur dalam urutan yang diwajibkan.
2026-07-26 20:55:17,936 - coagulant_app - INFO - BAB IV Tesis outputs (10 PNGs + 1 Excel) successfully generated and saved.
2026-07-26 20:56:08,120 - coagulant_app - INFO - Starting Coagulant Prediction Flask application...
2026-07-26 20:56:15,002 - coagulant_app - INFO - Starting Coagulant Prediction Flask application...
2026-07-26 20:57:07,608 - coagulant_app - INFO - BAB IV Tesis outputs (10 PNGs + 1 Excel) successfully generated and saved.
2026-07-26 20:57:22,716 - coagulant_app - WARNING - Model artifact compatibility check failed: Model bukan artefak 11 fitur dalam urutan yang diwajibkan.
2026-07-26 21:03:30,873 - coagulant_app - INFO - BAB IV Tesis outputs (10 PNGs + 1 Excel) successfully generated and saved.
2026-07-26 21:08:36,608 - coagulant_app - INFO - BAB IV Tesis outputs (10 PNGs + 1 Excel) successfully generated and saved.
2026-07-26 21:14:31,689 - coagulant_app - INFO - Starting Coagulant Prediction Flask application...
2026-07-26 21:14:33,690 - coagulant_app - INFO - Starting Coagulant Prediction Flask application...
2026-07-26 22:36:16,760 - coagulant_app - INFO - BAB IV Tesis outputs (10 PNGs + 1 Excel) successfully generated and saved.
2026-07-26 22:39:55,670 - coagulant_app - ERROR - Batch prediction failed: Riwayat CL-80 tidak cukup sebelum 2025-06-01 00:00:00 untuk membentuk tiga lag.
Traceback (most recent call last):
  File "D:\Outside Work\aplikasi-tesis-python\aplikasi\ml\predictor.py", line 250, in predict_batch
    raise ValueError(
        f"Riwayat CL-80 tidak cukup sebelum {record['Timestamp']} untuk membentuk tiga lag."
    )
ValueError: Riwayat CL-80 tidak cukup sebelum 2025-06-01 00:00:00 untuk membentuk tiga lag.
2026-07-26 22:42:07,404 - coagulant_app - INFO - Active dataset and generated artifacts deleted.
2026-07-26 22:42:19,334 - coagulant_app - INFO - Dataset uploaded and sanitized: {'original_row_count': 5700, 'excluded_alum_lime_row_count': 190, 'ambiguous_chemical_row_count': 315, 'final_active_row_count': 5195, 'removed_column_names': ['Unnamed: 0', 'Dosis Alum (ppm)', 'Dosis Lime (ppm)']}
2026-07-26 22:43:05,332 - coagulant_app - INFO - Active dataset and generated artifacts deleted.
2026-07-26 22:43:14,340 - coagulant_app - INFO - Dataset uploaded and sanitized: {'original_row_count': 5700, 'excluded_alum_lime_row_count': 190, 'ambiguous_chemical_row_count': 315, 'final_active_row_count': 5195, 'removed_column_names': ['Unnamed: 0', 'Dosis Alum (ppm)', 'Dosis Lime (ppm)']}
2026-07-26 22:46:40,762 - coagulant_app - INFO - BAB IV Tesis outputs (10 PNGs + 1 Excel) successfully generated and saved.
2026-07-26 22:49:12,160 - coagulant_app - INFO - BAB IV Tesis outputs (10 PNGs + 1 Excel) successfully generated and saved.
2026-07-26 22:49:38,800 - coagulant_app - ERROR - Error pada grafik distribusi: ufunc 'isfinite' not supported for the input types, and the inputs could not be safely coerced to any supported types according to the casting rule ''safe''
2026-07-26 22:51:26,444 - coagulant_app - INFO - BAB IV Tesis outputs (10 PNGs + 1 Excel) successfully generated and saved.
2026-07-26 23:06:09,207 - coagulant_app - INFO - BAB IV Tesis outputs (10 PNGs + 1 Excel) successfully generated and saved.
2026-07-26 23:06:09,818 - coagulant_app - ERROR - Error pada grafik distribusi: ufunc 'isfinite' not supported for the input types, and the inputs could not be safely coerced to any supported types according to the casting rule ''safe''
2026-07-26 23:06:23,496 - coagulant_app - INFO - BAB IV Tesis outputs (10 PNGs + 1 Excel) successfully generated and saved.
2026-07-26 23:09:11,735 - coagulant_app - INFO - Starting Coagulant Prediction Flask application...
2026-07-26 23:09:24,870 - coagulant_app - INFO - Starting Coagulant Prediction Flask application...
2026-07-26 23:10:20,609 - coagulant_app - INFO - Starting Coagulant Prediction Flask application...
2026-07-26 23:10:35,154 - coagulant_app - INFO - Starting Coagulant Prediction Flask application...
2026-07-26 23:10:52,613 - coagulant_app - INFO - Starting Coagulant Prediction Flask application...
2026-07-26 23:11:15,670 - coagulant_app - INFO - Starting Coagulant Prediction Flask application...
2026-07-26 23:11:35,888 - coagulant_app - INFO - Starting Coagulant Prediction Flask application...
2026-07-26 23:11:46,116 - coagulant_app - INFO - Starting Coagulant Prediction Flask application...
2026-07-26 23:13:11,098 - coagulant_app - INFO - Starting Coagulant Prediction Flask application...
2026-07-26 23:14:11,814 - coagulant_app - INFO - Starting Coagulant Prediction Flask application...
2026-07-26 23:14:21,719 - coagulant_app - INFO - Starting Coagulant Prediction Flask application...
2026-07-26 23:14:42,412 - coagulant_app - INFO - BAB IV Tesis outputs (10 PNGs, 1 Excel, 1 PDF) successfully generated.
2026-07-26 23:15:44,317 - coagulant_app - INFO - BAB IV Tesis outputs (10 PNGs, 1 Excel, 1 PDF) successfully generated.
2026-07-26 23:15:45,617 - coagulant_app - WARNING - Model artifact compatibility check failed: Model bukan artefak 11 fitur dalam urutan yang diwajibkan.
2026-07-26 23:16:01,506 - coagulant_app - INFO - Starting Coagulant Prediction Flask application...
2026-07-26 23:16:23,456 - coagulant_app - INFO - BAB IV Tesis outputs (10 PNGs, 1 Excel, 1 PDF) successfully generated.
2026-07-26 23:16:24,760 - coagulant_app - WARNING - Model artifact compatibility check failed: Model bukan artefak 11 fitur dalam urutan yang diwajibkan.
2026-07-26 23:17:06,622 - coagulant_app - INFO - BAB IV Tesis outputs (10 PNGs, 1 Excel, 1 PDF) successfully generated.
2026-07-26 23:19:04,509 - coagulant_app - INFO - Starting Coagulant Prediction Flask application...
2026-07-26 23:19:06,344 - coagulant_app - INFO - Starting Coagulant Prediction Flask application...
2026-07-26 23:19:12,906 - coagulant_app - INFO - BAB IV Tesis outputs (10 PNGs, 1 Excel, 1 PDF) successfully generated.
2026-07-26 23:19:34,423 - coagulant_app - INFO - BAB IV Tesis outputs (10 PNGs, 1 Excel, 1 PDF) successfully generated.
2026-07-26 23:19:36,797 - coagulant_app - WARNING - 404 Error: 404 Not Found: The requested URL was not found on the server. If you entered the URL manually please check your spelling and try again.
2026-07-26 23:19:48,228 - coagulant_app - INFO - BAB IV Tesis outputs (10 PNGs, 1 Excel, 1 PDF) successfully generated.
2026-07-26 23:19:49,795 - coagulant_app - WARNING - 404 Error: 404 Not Found: The requested URL was not found on the server. If you entered the URL manually please check your spelling and try again.
2026-07-26 23:19:52,725 - coagulant_app - WARNING - 404 Error: 404 Not Found: The requested URL was not found on the server. If you entered the URL manually please check your spelling and try again.
2026-07-26 23:20:00,911 - coagulant_app - INFO - BAB IV Tesis outputs (10 PNGs, 1 Excel, 1 PDF) successfully generated.
2026-07-26 23:20:02,722 - coagulant_app - WARNING - 404 Error: 404 Not Found: The requested URL was not found on the server. If you entered the URL manually please check your spelling and try again.
2026-07-26 23:21:11,617 - coagulant_app - INFO - BAB IV Tesis outputs (10 PNGs, 1 Excel, 1 PDF) successfully generated.
2026-07-26 23:21:13,551 - coagulant_app - WARNING - 404 Error: 404 Not Found: The requested URL was not found on the server. If you entered the URL manually please check your spelling and try again.
2026-07-26 23:21:22,141 - coagulant_app - INFO - BAB IV Tesis outputs (10 PNGs, 1 Excel, 1 PDF) successfully generated.
2026-07-26 23:21:24,436 - coagulant_app - WARNING - 404 Error: 404 Not Found: The requested URL was not found on the server. If you entered the URL manually please check your spelling and try again.
2026-07-26 23:21:32,575 - coagulant_app - INFO - BAB IV Tesis outputs (10 PNGs, 1 Excel, 1 PDF) successfully generated.
2026-07-26 23:21:34,927 - coagulant_app - WARNING - 404 Error: 404 Not Found: The requested URL was not found on the server. If you entered the URL manually please check your spelling and try again.
2026-07-26 23:23:22,404 - coagulant_app - INFO - BAB IV Tesis outputs (10 PNGs, 1 Excel, 1 PDF) successfully generated.
2026-07-26 23:23:24,214 - coagulant_app - WARNING - 404 Error: 404 Not Found: The requested URL was not found on the server. If you entered the URL manually please check your spelling and try again.
2026-07-26 23:24:04,577 - coagulant_app - INFO - BAB IV Tesis outputs (10 PNGs, 1 Excel, 1 PDF) successfully generated.
2026-07-26 23:24:05,893 - coagulant_app - WARNING - Model artifact compatibility check failed: Model bukan artefak 11 fitur dalam urutan yang diwajibkan.
2026-07-26 23:26:06,442 - coagulant_app - INFO - BAB IV Tesis outputs (10 PNGs, 1 Excel, 1 PDF) successfully generated.
2026-07-26 23:26:17,057 - coagulant_app - INFO - Starting Coagulant Prediction Flask application...
2026-07-26 23:26:19,305 - coagulant_app - INFO - Starting Coagulant Prediction Flask application...
2026-07-26 23:26:30,211 - coagulant_app - INFO - BAB IV Tesis outputs (10 PNGs, 1 Excel, 1 PDF) successfully generated.
2026-07-26 23:35:08,379 - coagulant_app - ERROR - Batch prediction failed: Riwayat CL-80 tidak cukup sebelum 2025-06-01 00:00:00 untuk membentuk tiga lag.
Traceback (most recent call last):
  File "D:\Outside Work\aplikasi-tesis-python\aplikasi\ml\predictor.py", line 250, in predict_batch
    raise ValueError(
        f"Riwayat CL-80 tidak cukup sebelum {record['Timestamp']} untuk membentuk tiga lag."
    )
ValueError: Riwayat CL-80 tidak cukup sebelum 2025-06-01 00:00:00 untuk membentuk tiga lag.
2026-07-26 23:36:02,690 - coagulant_app - ERROR - Batch prediction failed: Riwayat CL-80 tidak cukup sebelum 2025-06-01 00:00:00 untuk membentuk tiga lag.
Traceback (most recent call last):
  File "D:\Outside Work\aplikasi-tesis-python\aplikasi\ml\predictor.py", line 250, in predict_batch
    raise ValueError(
        f"Riwayat CL-80 tidak cukup sebelum {record['Timestamp']} untuk membentuk tiga lag."
    )
ValueError: Riwayat CL-80 tidak cukup sebelum 2025-06-01 00:00:00 untuk membentuk tiga lag.
2026-07-26 23:44:29,230 - coagulant_app - INFO - BAB IV Tesis outputs (10 PNGs, 1 Excel, 1 PDF) successfully generated.
2026-07-26 23:44:30,355 - coagulant_app - WARNING - Model artifact compatibility check failed: Model bukan artefak 11 fitur dalam urutan yang diwajibkan.
2026-07-26 23:44:39,604 - coagulant_app - INFO - Starting Coagulant Prediction Flask application...
2026-07-26 23:44:41,547 - coagulant_app - INFO - Starting Coagulant Prediction Flask application...
2026-07-26 23:45:21,909 - coagulant_app - WARNING - 404 Error: 404 Not Found: The requested URL was not found on the server. If you entered the URL manually please check your spelling and try again.
2026-07-26 23:45:28,967 - coagulant_app - WARNING - 404 Error: 404 Not Found: The requested URL was not found on the server. If you entered the URL manually please check your spelling and try again.
2026-07-26 23:45:36,567 - coagulant_app - WARNING - 404 Error: 404 Not Found: The requested URL was not found on the server. If you entered the URL manually please check your spelling and try again.
2026-07-26 23:45:44,139 - coagulant_app - WARNING - 404 Error: 404 Not Found: The requested URL was not found on the server. If you entered the URL manually please check your spelling and try again.
2026-07-26 23:47:17,414 - coagulant_app - WARNING - 404 Error: 404 Not Found: The requested URL was not found on the server. If you entered the URL manually please check your spelling and try again.
2026-07-26 23:48:44,343 - coagulant_app - ERROR - Batch prediction failed: Riwayat CL-80 tidak cukup sebelum 2025-06-01 00:00:00 untuk membentuk tiga lag.
Traceback (most recent call last):
  File "D:\Outside Work\aplikasi-tesis-python\aplikasi\ml\predictor.py", line 250, in predict_batch
    raise ValueError(
        f"Riwayat CL-80 tidak cukup sebelum {record['Timestamp']} untuk membentuk tiga lag."
    )
ValueError: Riwayat CL-80 tidak cukup sebelum 2025-06-01 00:00:00 untuk membentuk tiga lag.
2026-07-26 23:57:03,993 - coagulant_app - ERROR - Batch prediction failed: Riwayat CL-80 tidak cukup sebelum 2025-06-01 00:00:00 untuk membentuk tiga lag.
Traceback (most recent call last):
  File "D:\Outside Work\aplikasi-tesis-python\aplikasi\ml\predictor.py", line 250, in predict_batch
    raise ValueError(
        f"Riwayat CL-80 tidak cukup sebelum {record['Timestamp']} untuk membentuk tiga lag."
    )
ValueError: Riwayat CL-80 tidak cukup sebelum 2025-06-01 00:00:00 untuk membentuk tiga lag.
2026-07-26 23:58:50,035 - coagulant_app - ERROR - Batch prediction failed: Riwayat CL-80 tidak cukup sebelum 2025-06-01 00:00:00 untuk membentuk tiga lag.
Traceback (most recent call last):
  File "D:\Outside Work\aplikasi-tesis-python\aplikasi\ml\predictor.py", line 250, in predict_batch
    raise ValueError(
        f"Riwayat CL-80 tidak cukup sebelum {record['Timestamp']} untuk membentuk tiga lag."
    )
ValueError: Riwayat CL-80 tidak cukup sebelum 2025-06-01 00:00:00 untuk membentuk tiga lag.
2026-07-27 00:10:56,037 - coagulant_app - ERROR - Batch prediction failed: Riwayat CL-80 tidak cukup sebelum 2025-06-01 00:00:00 untuk membentuk tiga lag.
Traceback (most recent call last):
  File "D:\Outside Work\aplikasi-tesis-python\aplikasi\ml\predictor.py", line 250, in predict_batch
    raise ValueError(
        f"Riwayat CL-80 tidak cukup sebelum {record['Timestamp']} untuk membentuk tiga lag."
    )
ValueError: Riwayat CL-80 tidak cukup sebelum 2025-06-01 00:00:00 untuk membentuk tiga lag.
2026-07-27 00:13:40,455 - coagulant_app - INFO - Starting Coagulant Prediction Flask application...
2026-07-27 00:14:09,615 - coagulant_app - INFO - Starting Coagulant Prediction Flask application...
2026-07-27 00:15:10,684 - coagulant_app - ERROR - Batch prediction failed: Batch memiliki timestamp duplikat; perbaiki sebelum prediksi: 2025-06-01 00:00:00
Traceback (most recent call last):
  File "D:\Outside Work\aplikasi-tesis-python\aplikasi\ml\predictor.py", line 427, in predict_batch
    raise ValueError(
    ...<2 lines>...
    )
ValueError: Batch memiliki timestamp duplikat; perbaiki sebelum prediksi: 2025-06-01 00:00:00
2026-07-27 00:15:10,750 - coagulant_app - ERROR - Batch prediction failed: Prediksi batch memerlukan tiga riwayat dosis CL-80 sebelum baris pertama yang diprediksi. Sediakan riwayat pada dataset aktif atau sertakan minimal tiga baris awal dengan nilai Dosis CL-80 sebagai seed history.
Traceback (most recent call last):
  File "D:\Outside Work\aplikasi-tesis-python\aplikasi\ml\predictor.py", line 449, in predict_batch
    raise ValueError(BATCH_HISTORY_ERROR)
ValueError: Prediksi batch memerlukan tiga riwayat dosis CL-80 sebelum baris pertama yang diprediksi. Sediakan riwayat pada dataset aktif atau sertakan minimal tiga baris awal dengan nilai Dosis CL-80 sebagai seed history.
2026-07-27 00:15:19,401 - coagulant_app - INFO - Starting Coagulant Prediction Flask application...
2026-07-27 00:15:24,375 - coagulant_app - ERROR - Batch prediction failed: Batch memiliki timestamp duplikat; perbaiki sebelum prediksi: 2025-06-01 00:00:00
Traceback (most recent call last):
  File "D:\Outside Work\aplikasi-tesis-python\aplikasi\ml\predictor.py", line 427, in predict_batch
    raise ValueError(
    ...<2 lines>...
    )
ValueError: Batch memiliki timestamp duplikat; perbaiki sebelum prediksi: 2025-06-01 00:00:00
2026-07-27 00:15:24,453 - coagulant_app - ERROR - Batch prediction failed: Prediksi batch memerlukan tiga riwayat dosis CL-80 sebelum baris pertama yang diprediksi. Sediakan riwayat pada dataset aktif atau sertakan minimal tiga baris awal dengan nilai Dosis CL-80 sebagai seed history.
Traceback (most recent call last):
  File "D:\Outside Work\aplikasi-tesis-python\aplikasi\ml\predictor.py", line 449, in predict_batch
    raise ValueError(BATCH_HISTORY_ERROR)
ValueError: Prediksi batch memerlukan tiga riwayat dosis CL-80 sebelum baris pertama yang diprediksi. Sediakan riwayat pada dataset aktif atau sertakan minimal tiga baris awal dengan nilai Dosis CL-80 sebagai seed history.
2026-07-27 00:15:24,465 - coagulant_app - ERROR - Batch prediction failed: Tiga baris awal yang akan digunakan sebagai seed history harus memiliki nilai Dosis CL-80 numerik dan positif.
Traceback (most recent call last):
  File "D:\Outside Work\aplikasi-tesis-python\aplikasi\ml\predictor.py", line 459, in predict_batch
    raise ValueError(
    ...<2 lines>...
    )
ValueError: Tiga baris awal yang akan digunakan sebagai seed history harus memiliki nilai Dosis CL-80 numerik dan positif.
2026-07-27 00:15:38,845 - coagulant_app - ERROR - Batch prediction failed: Batch memiliki 2 baris input numerik invalid (baris file: 3129, 3560).
Traceback (most recent call last):
  File "D:\Outside Work\aplikasi-tesis-python\aplikasi\ml\predictor.py", line 395, in predict_batch
    raise ValueError(
    ...<2 lines>...
    )
ValueError: Batch memiliki 2 baris input numerik invalid (baris file: 3129, 3560).
2026-07-27 00:16:37,665 - coagulant_app - INFO - Starting Coagulant Prediction Flask application...
2026-07-27 00:16:43,084 - coagulant_app - ERROR - Batch prediction failed: Batch memiliki timestamp duplikat; perbaiki sebelum prediksi: 2025-06-01 00:00:00
Traceback (most recent call last):
  File "D:\Outside Work\aplikasi-tesis-python\aplikasi\ml\predictor.py", line 433, in predict_batch
    raise ValueError(
    ...<2 lines>...
    )
ValueError: Batch memiliki timestamp duplikat; perbaiki sebelum prediksi: 2025-06-01 00:00:00
2026-07-27 00:16:43,177 - coagulant_app - ERROR - Batch prediction failed: Prediksi batch memerlukan tiga riwayat dosis CL-80 sebelum baris pertama yang diprediksi. Sediakan riwayat pada dataset aktif atau sertakan minimal tiga baris awal dengan nilai Dosis CL-80 sebagai seed history.
Traceback (most recent call last):
  File "D:\Outside Work\aplikasi-tesis-python\aplikasi\ml\predictor.py", line 455, in predict_batch
    raise ValueError(BATCH_HISTORY_ERROR)
ValueError: Prediksi batch memerlukan tiga riwayat dosis CL-80 sebelum baris pertama yang diprediksi. Sediakan riwayat pada dataset aktif atau sertakan minimal tiga baris awal dengan nilai Dosis CL-80 sebagai seed history.
2026-07-27 00:16:43,185 - coagulant_app - ERROR - Batch prediction failed: Tiga baris awal yang akan digunakan sebagai seed history harus memiliki nilai Dosis CL-80 numerik dan positif.
Traceback (most recent call last):
  File "D:\Outside Work\aplikasi-tesis-python\aplikasi\ml\predictor.py", line 465, in predict_batch
    raise ValueError(
    ...<2 lines>...
    )
ValueError: Tiga baris awal yang akan digunakan sebagai seed history harus memiliki nilai Dosis CL-80 numerik dan positif.
2026-07-27 00:16:56,188 - coagulant_app - ERROR - Batch prediction failed: Batch memiliki 4980 Date/Time yang tidak dapat diinterpretasi.
Traceback (most recent call last):
  File "D:\Outside Work\aplikasi-tesis-python\aplikasi\ml\predictor.py", line 420, in predict_batch
    raise ValueError(
    ...<2 lines>...
    )
ValueError: Batch memiliki 4980 Date/Time yang tidak dapat diinterpretasi.
2026-07-27 00:17:15,053 - coagulant_app - INFO - Starting Coagulant Prediction Flask application...
2026-07-27 00:17:21,905 - coagulant_app - ERROR - Batch prediction failed: Batch memiliki timestamp duplikat; perbaiki sebelum prediksi: 2025-06-01 00:00:00
Traceback (most recent call last):
  File "D:\Outside Work\aplikasi-tesis-python\aplikasi\ml\predictor.py", line 437, in predict_batch
    raise ValueError(
    ...<2 lines>...
    )
ValueError: Batch memiliki timestamp duplikat; perbaiki sebelum prediksi: 2025-06-01 00:00:00
2026-07-27 00:17:21,998 - coagulant_app - ERROR - Batch prediction failed: Prediksi batch memerlukan tiga riwayat dosis CL-80 sebelum baris pertama yang diprediksi. Sediakan riwayat pada dataset aktif atau sertakan minimal tiga baris awal dengan nilai Dosis CL-80 sebagai seed history.
Traceback (most recent call last):
  File "D:\Outside Work\aplikasi-tesis-python\aplikasi\ml\predictor.py", line 459, in predict_batch
    raise ValueError(BATCH_HISTORY_ERROR)
ValueError: Prediksi batch memerlukan tiga riwayat dosis CL-80 sebelum baris pertama yang diprediksi. Sediakan riwayat pada dataset aktif atau sertakan minimal tiga baris awal dengan nilai Dosis CL-80 sebagai seed history.
2026-07-27 00:17:22,007 - coagulant_app - ERROR - Batch prediction failed: Tiga baris awal yang akan digunakan sebagai seed history harus memiliki nilai Dosis CL-80 numerik dan positif.
Traceback (most recent call last):
  File "D:\Outside Work\aplikasi-tesis-python\aplikasi\ml\predictor.py", line 469, in predict_batch
    raise ValueError(
    ...<2 lines>...
    )
ValueError: Tiga baris awal yang akan digunakan sebagai seed history harus memiliki nilai Dosis CL-80 numerik dan positif.
2026-07-27 00:18:26,386 - coagulant_app - INFO - Starting Coagulant Prediction Flask application...
2026-07-27 00:18:42,105 - coagulant_app - ERROR - Batch prediction failed: Batch memiliki timestamp duplikat; perbaiki sebelum prediksi: 2025-06-01 00:00:00
Traceback (most recent call last):
  File "D:\Outside Work\aplikasi-tesis-python\aplikasi\ml\predictor.py", line 437, in predict_batch
    raise ValueError(
    ...<2 lines>...
    )
ValueError: Batch memiliki timestamp duplikat; perbaiki sebelum prediksi: 2025-06-01 00:00:00
2026-07-27 00:18:42,199 - coagulant_app - ERROR - Batch prediction failed: Prediksi batch memerlukan tiga riwayat dosis CL-80 sebelum baris pertama yang diprediksi. Sediakan riwayat pada dataset aktif atau sertakan minimal tiga baris awal dengan nilai Dosis CL-80 sebagai seed history.
Traceback (most recent call last):
  File "D:\Outside Work\aplikasi-tesis-python\aplikasi\ml\predictor.py", line 459, in predict_batch
    raise ValueError(BATCH_HISTORY_ERROR)
ValueError: Prediksi batch memerlukan tiga riwayat dosis CL-80 sebelum baris pertama yang diprediksi. Sediakan riwayat pada dataset aktif atau sertakan minimal tiga baris awal dengan nilai Dosis CL-80 sebagai seed history.
2026-07-27 00:18:42,206 - coagulant_app - ERROR - Batch prediction failed: Prediksi batch memerlukan tiga riwayat dosis CL-80 sebelum baris pertama yang diprediksi. Sediakan riwayat pada dataset aktif atau sertakan minimal tiga baris awal dengan nilai Dosis CL-80 sebagai seed history. File batch juga harus memiliki sedikitnya satu baris untuk diprediksi.
Traceback (most recent call last):
  File "D:\Outside Work\aplikasi-tesis-python\aplikasi\ml\predictor.py", line 461, in predict_batch
    raise ValueError(
    ...<2 lines>...
    )
ValueError: Prediksi batch memerlukan tiga riwayat dosis CL-80 sebelum baris pertama yang diprediksi. Sediakan riwayat pada dataset aktif atau sertakan minimal tiga baris awal dengan nilai Dosis CL-80 sebagai seed history. File batch juga harus memiliki sedikitnya satu baris untuk diprediksi.
2026-07-27 00:18:42,215 - coagulant_app - ERROR - Batch prediction failed: Tiga baris awal yang akan digunakan sebagai seed history harus memiliki nilai Dosis CL-80 numerik dan positif.
Traceback (most recent call last):
  File "D:\Outside Work\aplikasi-tesis-python\aplikasi\ml\predictor.py", line 469, in predict_batch
    raise ValueError(
    ...<2 lines>...
    )
ValueError: Tiga baris awal yang akan digunakan sebagai seed history harus memiliki nilai Dosis CL-80 numerik dan positif.
2026-07-27 00:18:47,314 - coagulant_app - INFO - BAB IV Tesis outputs (10 PNGs, 1 Excel, 1 PDF) successfully generated.
2026-07-27 00:18:48,418 - coagulant_app - WARNING - Model artifact compatibility check failed: Model bukan artefak 11 fitur dalam urutan yang diwajibkan.
2026-07-27 00:19:44,809 - coagulant_app - INFO - Starting Coagulant Prediction Flask application...
2026-07-27 00:19:46,580 - coagulant_app - INFO - Starting Coagulant Prediction Flask application...
2026-07-27 00:20:54,721 - coagulant_app - WARNING - 404 Error: 404 Not Found: The requested URL was not found on the server. If you entered the URL manually please check your spelling and try again.
2026-07-27 00:21:22,589 - coagulant_app - WARNING - 404 Error: 404 Not Found: The requested URL was not found on the server. If you entered the URL manually please check your spelling and try again.
2026-07-27 00:21:57,118 - coagulant_app - INFO - Starting Coagulant Prediction Flask application...
2026-07-27 00:22:08,661 - coagulant_app - INFO - Starting Coagulant Prediction Flask application...
2026-07-27 00:22:12,110 - coagulant_app - ERROR - Batch prediction failed: Batch memiliki timestamp duplikat; perbaiki sebelum prediksi: 2025-06-01 00:00:00
Traceback (most recent call last):
  File "D:\Outside Work\aplikasi-tesis-python\aplikasi\ml\predictor.py", line 436, in predict_batch
    raise ValueError(
    ...<2 lines>...
    )
ValueError: Batch memiliki timestamp duplikat; perbaiki sebelum prediksi: 2025-06-01 00:00:00
2026-07-27 00:22:12,260 - coagulant_app - ERROR - Batch prediction failed: Prediksi batch memerlukan tiga riwayat dosis CL-80 sebelum baris pertama yang diprediksi. Sediakan riwayat pada dataset aktif atau sertakan minimal tiga baris awal dengan nilai Dosis CL-80 sebagai seed history.
Traceback (most recent call last):
  File "D:\Outside Work\aplikasi-tesis-python\aplikasi\ml\predictor.py", line 458, in predict_batch
    raise ValueError(BATCH_HISTORY_ERROR)
ValueError: Prediksi batch memerlukan tiga riwayat dosis CL-80 sebelum baris pertama yang diprediksi. Sediakan riwayat pada dataset aktif atau sertakan minimal tiga baris awal dengan nilai Dosis CL-80 sebagai seed history.
2026-07-27 00:22:12,274 - coagulant_app - ERROR - Batch prediction failed: Prediksi batch memerlukan tiga riwayat dosis CL-80 sebelum baris pertama yang diprediksi. Sediakan riwayat pada dataset aktif atau sertakan minimal tiga baris awal dengan nilai Dosis CL-80 sebagai seed history. File batch juga harus memiliki sedikitnya satu baris untuk diprediksi.
Traceback (most recent call last):
  File "D:\Outside Work\aplikasi-tesis-python\aplikasi\ml\predictor.py", line 460, in predict_batch
    raise ValueError(
    ...<2 lines>...
    )
ValueError: Prediksi batch memerlukan tiga riwayat dosis CL-80 sebelum baris pertama yang diprediksi. Sediakan riwayat pada dataset aktif atau sertakan minimal tiga baris awal dengan nilai Dosis CL-80 sebagai seed history. File batch juga harus memiliki sedikitnya satu baris untuk diprediksi.
2026-07-27 00:22:12,293 - coagulant_app - ERROR - Batch prediction failed: Tiga baris awal yang akan digunakan sebagai seed history harus memiliki nilai Dosis CL-80 numerik dan positif.
Traceback (most recent call last):
  File "D:\Outside Work\aplikasi-tesis-python\aplikasi\ml\predictor.py", line 468, in predict_batch
    raise ValueError(
    ...<2 lines>...
    )
ValueError: Tiga baris awal yang akan digunakan sebagai seed history harus memiliki nilai Dosis CL-80 numerik dan positif.
2026-07-27 00:22:15,548 - coagulant_app - ERROR - Batch prediction failed: Batch memiliki timestamp duplikat; perbaiki sebelum prediksi: 2025-06-01 00:00:00
Traceback (most recent call last):
  File "D:\Outside Work\aplikasi-tesis-python\aplikasi\ml\predictor.py", line 436, in predict_batch
    raise ValueError(
    ...<2 lines>...
    )
ValueError: Batch memiliki timestamp duplikat; perbaiki sebelum prediksi: 2025-06-01 00:00:00
2026-07-27 00:22:15,667 - coagulant_app - ERROR - Batch prediction failed: Prediksi batch memerlukan tiga riwayat dosis CL-80 sebelum baris pertama yang diprediksi. Sediakan riwayat pada dataset aktif atau sertakan minimal tiga baris awal dengan nilai Dosis CL-80 sebagai seed history.
Traceback (most recent call last):
  File "D:\Outside Work\aplikasi-tesis-python\aplikasi\ml\predictor.py", line 458, in predict_batch
    raise ValueError(BATCH_HISTORY_ERROR)
ValueError: Prediksi batch memerlukan tiga riwayat dosis CL-80 sebelum baris pertama yang diprediksi. Sediakan riwayat pada dataset aktif atau sertakan minimal tiga baris awal dengan nilai Dosis CL-80 sebagai seed history.
2026-07-27 00:22:15,677 - coagulant_app - ERROR - Batch prediction failed: Prediksi batch memerlukan tiga riwayat dosis CL-80 sebelum baris pertama yang diprediksi. Sediakan riwayat pada dataset aktif atau sertakan minimal tiga baris awal dengan nilai Dosis CL-80 sebagai seed history. File batch juga harus memiliki sedikitnya satu baris untuk diprediksi.
Traceback (most recent call last):
  File "D:\Outside Work\aplikasi-tesis-python\aplikasi\ml\predictor.py", line 460, in predict_batch
    raise ValueError(
    ...<2 lines>...
    )
ValueError: Prediksi batch memerlukan tiga riwayat dosis CL-80 sebelum baris pertama yang diprediksi. Sediakan riwayat pada dataset aktif atau sertakan minimal tiga baris awal dengan nilai Dosis CL-80 sebagai seed history. File batch juga harus memiliki sedikitnya satu baris untuk diprediksi.
2026-07-27 00:22:15,688 - coagulant_app - ERROR - Batch prediction failed: Tiga baris awal yang akan digunakan sebagai seed history harus memiliki nilai Dosis CL-80 numerik dan positif.
Traceback (most recent call last):
  File "D:\Outside Work\aplikasi-tesis-python\aplikasi\ml\predictor.py", line 468, in predict_batch
    raise ValueError(
    ...<2 lines>...
    )
ValueError: Tiga baris awal yang akan digunakan sebagai seed history harus memiliki nilai Dosis CL-80 numerik dan positif.
2026-07-27 00:22:21,651 - coagulant_app - INFO - BAB IV Tesis outputs (10 PNGs, 1 Excel, 1 PDF) successfully generated.
2026-07-27 00:22:23,090 - coagulant_app - WARNING - Model artifact compatibility check failed: Model bukan artefak 11 fitur dalam urutan yang diwajibkan.
